// Jest Snapshot v1, https://goo.gl/fbAQLP

exports[`should render NotFound correctly 1`] = `
<div>
  404 honey - 
  <Link
    replace={false}
    to="/"
  >
    gome home
  </Link>
</div>
`;
